Timestamp (gradescope start): 1780438966713749255
========================================
Preparing job for Time: 2000000 µs
Transferring payload to cluster...
Timestamp (gradescope -> qcluster, start): 1780438966796180327
DEBUG: Starting internal submission script.
DEBUG: Go server found at internal IP: http://10.1.145.148:5000
DEBUG: Submitting job to Go server at http://10.1.145.148:5000/submit.
Timestamp (gradescope -> qcluster, end): 1780438967546691524
DEBUG: Submit HTTP Status: 202
DEBUG: Parsed JOB_ID: '5c8ba975-b96c-4f10-a953-e898d0b12706'. Polling for results...
DEBUG: Polling URL: http://10.1.145.148:5000/status/5c8ba975-b96c-4f10-a953-e898d0b12706 (Time remaining: 300s)
DEBUG: Current Job Status: pending
DEBUG: Polling URL: http://10.1.145.148:5000/status/5c8ba975-b96c-4f10-a953-e898d0b12706 (Time remaining: 295s)
DEBUG: Current Job Status: pending
DEBUG: Polling URL: http://10.1.145.148:5000/status/5c8ba975-b96c-4f10-a953-e898d0b12706 (Time remaining: 290s)
DEBUG: Current Job Status: succeeded
DEBUG: Job 5c8ba975-b96c-4f10-a953-e898d0b12706 completed. Fetching raw logs...
{
  "score": 100,
  "output": "Compiling...\ncd helper_lib; make\nmake[1]: Entering directory '/autograder/submission/helper_lib'\ngcc -g -Wall -c -o device.o device.c -I/usr/local/cuda/include -L/usr/local/cuda/lib64 -lOpenCL -lm\ngcc -g -Wall -c -o kernel.o kernel.c -I/usr/local/cuda/include -L/usr/local/cuda/lib64 -lOpenCL -lm\ngcc -g -Wall -c -o matrix.o matrix.c -I/usr/local/cuda/include -L/usr/local/cuda/lib64 -lOpenCL -lm\ngcc -g -Wall -c -o img.o img.c -I/usr/local/cuda/include -L/usr/local/cuda/lib64 -lOpenCL -lm\nar rcs helper_lib.a device.o kernel.o matrix.o img.o\nmake[1]: Leaving directory '/autograder/submission/helper_lib'\ngcc -g -Wall -o solution helper_lib/helper_lib.a main.c -I helper_lib -I/usr/local/cuda/include helper_lib/helper_lib.a -lm -L/usr/local/cuda/lib64 -lOpenCL\nRunning solution with time: 2000000\n==============Starting Work==============\nRunning on:\n\tPlatform: QUALCOMM Snapdragon(TM)\n\tDevice: QUALCOMM Adreno(TM) 643\n\nCalls: 20\nElapsed: 2025324.238 us\nTotal FLOPs: 3.436e+11\nPerformance: 169.65 GFLOPS (FP32)\n===============End of Work===============\n\n\n--- EXECUTION LOGS ---\nStarting autograder from /autograder/source...\nExecuting benchmark inside /autograder/submission..."
}
Timestamp (job 5c8ba975-b96c-4f10-a953-e898d0b12706, node krg-qcluster002: pod created): 1780438969000000000
Timestamp (job 5c8ba975-b96c-4f10-a953-e898d0b12706, node krg-qcluster002: output returned, success): 1780438971000000000
DEBUG: Raw JOB_RESULTS_OUTPUT:
{
    "score": 100,
    "output": "Compiling...\ncd helper_lib; make\nmake[1]: Entering directory '/autograder/submission/helper_lib'\ngcc -g -Wall -c -o device.o device.c -I/usr/local/cuda/include -L/usr/local/cuda/lib64 -lOpenCL -lm\ngcc -g -Wall -c -o kernel.o kernel.c -I/usr/local/cuda/include -L/usr/local/cuda/lib64 -lOpenCL -lm\ngcc -g -Wall -c -o matrix.o matrix.c -I/usr/local/cuda/include -L/usr/local/cuda/lib64 -lOpenCL -lm\ngcc -g -Wall -c -o img.o img.c -I/usr/local/cuda/include -L/usr/local/cuda/lib64 -lOpenCL -lm\nar rcs helper_lib.a device.o kernel.o matrix.o img.o\nmake[1]: Leaving directory '/autograder/submission/helper_lib'\ngcc -g -Wall -o solution helper_lib/helper_lib.a main.c -I helper_lib -I/usr/local/cuda/include helper_lib/helper_lib.a -lm -L/usr/local/cuda/lib64 -lOpenCL\nRunning solution with time: 2000000\n==============Starting Work==============\nRunning on:\n\tPlatform: QUALCOMM Snapdragon(TM)\n\tDevice: QUALCOMM Adreno(TM) 643\n\nCalls: 20\nElapsed: 2025324.238 us\nTotal FLOPs: 3.436e+11\nPerformance: 169.65 GFLOPS (FP32)\n===============End of Work===============\n"
}
DEBUG: Job succeeded. Formatting final JSON.
