Timestamp (gradescope start): 1780471748117659378
========================================
Preparing job for Time: 2000000 µs
Transferring payload to cluster...
Timestamp (gradescope -> qcluster, start): 1780471748278648157
DEBUG: Starting internal submission script.
DEBUG: Go server found at internal IP: http://10.1.145.144:5000
DEBUG: Submitting job to Go server at http://10.1.145.144:5000/submit.
Timestamp (gradescope -> qcluster, end): 1780471749947785061
DEBUG: Submit HTTP Status: 202
DEBUG: Parsed JOB_ID: 'b7837f27-cdd1-4498-9889-45b6cda0e54f'. Polling for results...
DEBUG: Polling URL: http://10.1.145.144:5000/status/b7837f27-cdd1-4498-9889-45b6cda0e54f (Time remaining: 300s)
DEBUG: Current Job Status: pending
DEBUG: Polling URL: http://10.1.145.144:5000/status/b7837f27-cdd1-4498-9889-45b6cda0e54f (Time remaining: 295s)
DEBUG: Current Job Status: pending
DEBUG: Polling URL: http://10.1.145.144:5000/status/b7837f27-cdd1-4498-9889-45b6cda0e54f (Time remaining: 290s)
DEBUG: Current Job Status: pending
DEBUG: Polling URL: http://10.1.145.144:5000/status/b7837f27-cdd1-4498-9889-45b6cda0e54f (Time remaining: 285s)
DEBUG: Current Job Status: succeeded
DEBUG: Job b7837f27-cdd1-4498-9889-45b6cda0e54f completed. Fetching raw logs...
Timestamp (job b7837f27-cdd1-4498-9889-45b6cda0e54f, node krg-qcluster004: pod created): 1780471751000000000
Timestamp (job b7837f27-cdd1-4498-9889-45b6cda0e54f, node krg-qcluster004: output returned, success): 1780471754000000000
DEBUG: Raw JOB_RESULTS_OUTPUT:
{
    "score": 100,
    "output": "Compiling...\ncd helper_lib; make\nmake[1]: Entering directory '/autograder/submission/helper_lib'\ngcc -g -Wall -c -o device.o device.c -I/usr/local/cuda/include -L/usr/local/cuda/lib64 -lOpenCL -lm\ngcc -g -Wall -c -o kernel.o kernel.c -I/usr/local/cuda/include -L/usr/local/cuda/lib64 -lOpenCL -lm\ngcc -g -Wall -c -o matrix.o matrix.c -I/usr/local/cuda/include -L/usr/local/cuda/lib64 -lOpenCL -lm\ngcc -g -Wall -c -o img.o img.c -I/usr/local/cuda/include -L/usr/local/cuda/lib64 -lOpenCL -lm\nar rcs helper_lib.a device.o kernel.o matrix.o img.o\nmake[1]: Leaving directory '/autograder/submission/helper_lib'\ngcc -g -Wall -o solution helper_lib/helper_lib.a main.c -I helper_lib -I/usr/local/cuda/include helper_lib/helper_lib.a -lm -L/usr/local/cuda/lib64 -lOpenCL\nRunning solution with time: 2000000\n==============Starting Work==============\nRunning on:\n\tPlatform: QUALCOMM Snapdragon(TM)\n\tDevice: QUALCOMM Adreno(TM) 643\n\nCalls: 20\nElapsed: 2024350.564 us\nTotal FLOPs: 3.436e+11\nPerformance: 169.73 GFLOPS (FP32)\n===============End of Work===============\n"
}
DEBUG: Job succeeded. Formatting final JSON.
{
  "score": 100,
  "output": "Compiling...\ncd helper_lib; make\nmake[1]: Entering directory '/autograder/submission/helper_lib'\ngcc -g -Wall -c -o device.o device.c -I/usr/local/cuda/include -L/usr/local/cuda/lib64 -lOpenCL -lm\ngcc -g -Wall -c -o kernel.o kernel.c -I/usr/local/cuda/include -L/usr/local/cuda/lib64 -lOpenCL -lm\ngcc -g -Wall -c -o matrix.o matrix.c -I/usr/local/cuda/include -L/usr/local/cuda/lib64 -lOpenCL -lm\ngcc -g -Wall -c -o img.o img.c -I/usr/local/cuda/include -L/usr/local/cuda/lib64 -lOpenCL -lm\nar rcs helper_lib.a device.o kernel.o matrix.o img.o\nmake[1]: Leaving directory '/autograder/submission/helper_lib'\ngcc -g -Wall -o solution helper_lib/helper_lib.a main.c -I helper_lib -I/usr/local/cuda/include helper_lib/helper_lib.a -lm -L/usr/local/cuda/lib64 -lOpenCL\nRunning solution with time: 2000000\n==============Starting Work==============\nRunning on:\n\tPlatform: QUALCOMM Snapdragon(TM)\n\tDevice: QUALCOMM Adreno(TM) 643\n\nCalls: 20\nElapsed: 2024350.564 us\nTotal FLOPs: 3.436e+11\nPerformance: 169.73 GFLOPS (FP32)\n===============End of Work===============\n\n\n--- EXECUTION LOGS ---\nStarting autograder from /autograder/source...\nExecuting benchmark inside /autograder/submission..."
}
