Timestamp (gradescope start): 1780094710851936601
========================================
Preparing job for Time: 2000000 µs
Transferring payload to cluster...
Timestamp (gradescope -> junkyard, start): 1780094710976339588
DEBUG: Starting internal submission script.
DEBUG: Waiting for tunnel handshake...
DEBUG: Go server found at internal IP: http://localhost:8888
DEBUG: Submitting job to Go server at http://localhost:8888/submit.
Timestamp (gradescope -> junkyard, end): 1780094711328717899
DEBUG: Submit HTTP Status: 202
DEBUG: Parsed JOB_ID: '942e19e6-818c-4c4c-bf7b-962b7ac3a5de'. Polling for results...
DEBUG: Polling URL: http://localhost:8888/status/942e19e6-818c-4c4c-bf7b-962b7ac3a5de (Time remaining: 300s)
DEBUG: Current Job Status: pending
DEBUG: Polling URL: http://localhost:8888/status/942e19e6-818c-4c4c-bf7b-962b7ac3a5de (Time remaining: 295s)
DEBUG: Current Job Status: pending
DEBUG: Polling URL: http://localhost:8888/status/942e19e6-818c-4c4c-bf7b-962b7ac3a5de (Time remaining: 290s)
DEBUG: Current Job Status: succeeded
DEBUG: Job 942e19e6-818c-4c4c-bf7b-962b7ac3a5de completed. Fetching raw logs...
Timestamp (job 942e19e6-818c-4c4c-bf7b-962b7ac3a5de, node pf-027: pod created): 1780094712000000000
Timestamp (job 942e19e6-818c-4c4c-bf7b-962b7ac3a5de, node pf-027: output returned, success): 1780094715000000000
DEBUG: Raw JOB_RESULTS_OUTPUT:
{
    "score": 100,
    "output": "Compiling...\ncd helper_lib; make\nmake[1]: Entering directory '/autograder/submission/helper_lib'\ngcc -g -Wall -c -o device.o device.c -I/usr/local/cuda/include -L/usr/local/cuda/lib64 -lOpenCL -lm\ngcc -g -Wall -c -o kernel.o kernel.c -I/usr/local/cuda/include -L/usr/local/cuda/lib64 -lOpenCL -lm\ngcc -g -Wall -c -o matrix.o matrix.c -I/usr/local/cuda/include -L/usr/local/cuda/lib64 -lOpenCL -lm\ngcc -g -Wall -c -o img.o img.c -I/usr/local/cuda/include -L/usr/local/cuda/lib64 -lOpenCL -lm\nar rcs helper_lib.a device.o kernel.o matrix.o img.o\nmake[1]: Leaving directory '/autograder/submission/helper_lib'\ngcc -g -Wall -o solution helper_lib/helper_lib.a main.c -I helper_lib -I/usr/local/cuda/include helper_lib/helper_lib.a -lm -L/usr/local/cuda/lib64 -lOpenCL\nRunning solution with time: 2000000\n==============Starting Work==============\nRunning on:\n\tPlatform: ARM Platform\n\tDevice: Mali-G710 r0p0\n\nCalls: 30\nElapsed: 2064354.190 us\nTotal FLOPs: 5.154e+11\nPerformance: 249.66 GFLOPS (FP32)\n===============End of Work===============\n"
}
DEBUG: Job succeeded. Formatting final JSON.
{
  "score": 100,
  "output": "Compiling...\ncd helper_lib; make\nmake[1]: Entering directory '/autograder/submission/helper_lib'\ngcc -g -Wall -c -o device.o device.c -I/usr/local/cuda/include -L/usr/local/cuda/lib64 -lOpenCL -lm\ngcc -g -Wall -c -o kernel.o kernel.c -I/usr/local/cuda/include -L/usr/local/cuda/lib64 -lOpenCL -lm\ngcc -g -Wall -c -o matrix.o matrix.c -I/usr/local/cuda/include -L/usr/local/cuda/lib64 -lOpenCL -lm\ngcc -g -Wall -c -o img.o img.c -I/usr/local/cuda/include -L/usr/local/cuda/lib64 -lOpenCL -lm\nar rcs helper_lib.a device.o kernel.o matrix.o img.o\nmake[1]: Leaving directory '/autograder/submission/helper_lib'\ngcc -g -Wall -o solution helper_lib/helper_lib.a main.c -I helper_lib -I/usr/local/cuda/include helper_lib/helper_lib.a -lm -L/usr/local/cuda/lib64 -lOpenCL\nRunning solution with time: 2000000\n==============Starting Work==============\nRunning on:\n\tPlatform: ARM Platform\n\tDevice: Mali-G710 r0p0\n\nCalls: 30\nElapsed: 2064354.190 us\nTotal FLOPs: 5.154e+11\nPerformance: 249.66 GFLOPS (FP32)\n===============End of Work===============\n\n\n--- EXECUTION LOGS ---\nStarting autograder from /autograder/source...\nExecuting benchmark inside /autograder/submission..."
}
