Timestamp (gradescope start): 1780541082607004687
========================================
Preparing job for Time: 2000000 µs
Transferring payload to cluster...
Timestamp (gradescope -> qcluster, start): 1780541082770018762
DEBUG: Starting internal submission script.
DEBUG: Go server found at internal IP: http://10.1.145.142:5000
DEBUG: Submitting job to Go server at http://10.1.145.142:5000/submit.
Timestamp (gradescope -> qcluster, end): 1780541087889653921
DEBUG: Submit HTTP Status: 202
DEBUG: Parsed JOB_ID: '1b2cefda-a6e6-4026-bf14-74e3e3f80ad5'. Polling for results...
DEBUG: Polling URL: http://10.1.145.142:5000/status/1b2cefda-a6e6-4026-bf14-74e3e3f80ad5 (Time remaining: 300s)
DEBUG: Current Job Status: pending
DEBUG: Polling URL: http://10.1.145.142:5000/status/1b2cefda-a6e6-4026-bf14-74e3e3f80ad5 (Time remaining: 295s)
DEBUG: Current Job Status: pending
DEBUG: Polling URL: http://10.1.145.142:5000/status/1b2cefda-a6e6-4026-bf14-74e3e3f80ad5 (Time remaining: 290s)
DEBUG: Current Job Status: succeeded
DEBUG: Job 1b2cefda-a6e6-4026-bf14-74e3e3f80ad5 completed. Fetching raw logs...
Timestamp (job 1b2cefda-a6e6-4026-bf14-74e3e3f80ad5, node krg-qcluster004: pod created): 1780541089000000000
Timestamp (job 1b2cefda-a6e6-4026-bf14-74e3e3f80ad5, node krg-qcluster004: output returned, success): 1780541092000000000
DEBUG: Raw JOB_RESULTS_OUTPUT:
{
    "score": 100,
    "output": "Compiling...\ncd helper_lib; make\nmake[1]: Entering directory '/autograder/submission/helper_lib'\ngcc -g -Wall -c -o device.o device.c -I/usr/local/cuda/include -L/usr/local/cuda/lib64 -lOpenCL -lm\ngcc -g -Wall -c -o kernel.o kernel.c -I/usr/local/cuda/include -L/usr/local/cuda/lib64 -lOpenCL -lm\ngcc -g -Wall -c -o matrix.o matrix.c -I/usr/local/cuda/include -L/usr/local/cuda/lib64 -lOpenCL -lm\ngcc -g -Wall -c -o img.o img.c -I/usr/local/cuda/include -L/usr/local/cuda/lib64 -lOpenCL -lm\nar rcs helper_lib.a device.o kernel.o matrix.o img.o\nmake[1]: Leaving directory '/autograder/submission/helper_lib'\ngcc -g -Wall -o solution helper_lib/helper_lib.a main.c -I helper_lib -I/usr/local/cuda/include helper_lib/helper_lib.a -lm -L/usr/local/cuda/lib64 -lOpenCL\nRunning solution with time: 2000000\n==============Starting Work==============\nRunning on:\n\tPlatform: QUALCOMM Snapdragon(TM)\n\tDevice: QUALCOMM Adreno(TM) 643\n\nCalls: 20\nElapsed: 2013541.017 us\nTotal FLOPs: 3.436e+11\nPerformance: 170.64 GFLOPS (FP32)\n===============End of Work===============\n"
}
DEBUG: Job succeeded. Formatting final JSON.
{
  "score": 100,
  "output": "Compiling...\ncd helper_lib; make\nmake[1]: Entering directory '/autograder/submission/helper_lib'\ngcc -g -Wall -c -o device.o device.c -I/usr/local/cuda/include -L/usr/local/cuda/lib64 -lOpenCL -lm\ngcc -g -Wall -c -o kernel.o kernel.c -I/usr/local/cuda/include -L/usr/local/cuda/lib64 -lOpenCL -lm\ngcc -g -Wall -c -o matrix.o matrix.c -I/usr/local/cuda/include -L/usr/local/cuda/lib64 -lOpenCL -lm\ngcc -g -Wall -c -o img.o img.c -I/usr/local/cuda/include -L/usr/local/cuda/lib64 -lOpenCL -lm\nar rcs helper_lib.a device.o kernel.o matrix.o img.o\nmake[1]: Leaving directory '/autograder/submission/helper_lib'\ngcc -g -Wall -o solution helper_lib/helper_lib.a main.c -I helper_lib -I/usr/local/cuda/include helper_lib/helper_lib.a -lm -L/usr/local/cuda/lib64 -lOpenCL\nRunning solution with time: 2000000\n==============Starting Work==============\nRunning on:\n\tPlatform: QUALCOMM Snapdragon(TM)\n\tDevice: QUALCOMM Adreno(TM) 643\n\nCalls: 20\nElapsed: 2013541.017 us\nTotal FLOPs: 3.436e+11\nPerformance: 170.64 GFLOPS (FP32)\n===============End of Work===============\n\n\n--- EXECUTION LOGS ---\nStarting autograder from /autograder/source...\nExecuting benchmark inside /autograder/submission..."
}
