Timestamp (gradescope start): 1780541082607487756
========================================
Preparing job for Time: 2000000 µs
Transferring payload to cluster...
Timestamp (gradescope -> qcluster, start): 1780541082725653220
DEBUG: Starting internal submission script.
DEBUG: Go server found at internal IP: http://10.1.145.142:5000
DEBUG: Submitting job to Go server at http://10.1.145.142:5000/submit.
Timestamp (gradescope -> qcluster, end): 1780541086619932072
DEBUG: Submit HTTP Status: 202
DEBUG: Parsed JOB_ID: '8077ce37-9bfe-4fdb-b8ac-1511327e0be8'. Polling for results...
DEBUG: Polling URL: http://10.1.145.142:5000/status/8077ce37-9bfe-4fdb-b8ac-1511327e0be8 (Time remaining: 300s)
DEBUG: Current Job Status: pending
DEBUG: Polling URL: http://10.1.145.142:5000/status/8077ce37-9bfe-4fdb-b8ac-1511327e0be8 (Time remaining: 294s)
DEBUG: Current Job Status: pending
DEBUG: Polling URL: http://10.1.145.142:5000/status/8077ce37-9bfe-4fdb-b8ac-1511327e0be8 (Time remaining: 289s)
DEBUG: Current Job Status: pending
DEBUG: Polling URL: http://10.1.145.142:5000/status/8077ce37-9bfe-4fdb-b8ac-1511327e0be8 (Time remaining: 284s)
DEBUG: Current Job Status: succeeded
DEBUG: Job 8077ce37-9bfe-4fdb-b8ac-1511327e0be8 completed. Fetching raw logs...
Timestamp (job 8077ce37-9bfe-4fdb-b8ac-1511327e0be8, node krg-qcluster002: pod created): 1780541088000000000
Timestamp (job 8077ce37-9bfe-4fdb-b8ac-1511327e0be8, node krg-qcluster002: output returned, success): 1780541091000000000
DEBUG: Raw JOB_RESULTS_OUTPUT:
{
    "score": 100,
    "output": "Compiling...\ncd helper_lib; make\nmake[1]: Entering directory '/autograder/submission/helper_lib'\ngcc -g -Wall -c -o device.o device.c -I/usr/local/cuda/include -L/usr/local/cuda/lib64 -lOpenCL -lm\ngcc -g -Wall -c -o kernel.o kernel.c -I/usr/local/cuda/include -L/usr/local/cuda/lib64 -lOpenCL -lm\ngcc -g -Wall -c -o matrix.o matrix.c -I/usr/local/cuda/include -L/usr/local/cuda/lib64 -lOpenCL -lm\ngcc -g -Wall -c -o img.o img.c -I/usr/local/cuda/include -L/usr/local/cuda/lib64 -lOpenCL -lm\nar rcs helper_lib.a device.o kernel.o matrix.o img.o\nmake[1]: Leaving directory '/autograder/submission/helper_lib'\ngcc -g -Wall -o solution helper_lib/helper_lib.a main.c -I helper_lib -I/usr/local/cuda/include helper_lib/helper_lib.a -lm -L/usr/local/cuda/lib64 -lOpenCL\nRunning solution with time: 2000000\n==============Starting Work==============\nRunning on:\n\tPlatform: QUALCOMM Snapdragon(TM)\n\tDevice: QUALCOMM Adreno(TM) 643\n\nCalls: 20\nElapsed: 2025181.792 us\nTotal FLOPs: 3.436e+11\nPerformance: 169.66 GFLOPS (FP32)\n===============End of Work===============\n"
}
DEBUG: Job succeeded. Formatting final JSON.
{
  "score": 100,
  "output": "Compiling...\ncd helper_lib; make\nmake[1]: Entering directory '/autograder/submission/helper_lib'\ngcc -g -Wall -c -o device.o device.c -I/usr/local/cuda/include -L/usr/local/cuda/lib64 -lOpenCL -lm\ngcc -g -Wall -c -o kernel.o kernel.c -I/usr/local/cuda/include -L/usr/local/cuda/lib64 -lOpenCL -lm\ngcc -g -Wall -c -o matrix.o matrix.c -I/usr/local/cuda/include -L/usr/local/cuda/lib64 -lOpenCL -lm\ngcc -g -Wall -c -o img.o img.c -I/usr/local/cuda/include -L/usr/local/cuda/lib64 -lOpenCL -lm\nar rcs helper_lib.a device.o kernel.o matrix.o img.o\nmake[1]: Leaving directory '/autograder/submission/helper_lib'\ngcc -g -Wall -o solution helper_lib/helper_lib.a main.c -I helper_lib -I/usr/local/cuda/include helper_lib/helper_lib.a -lm -L/usr/local/cuda/lib64 -lOpenCL\nRunning solution with time: 2000000\n==============Starting Work==============\nRunning on:\n\tPlatform: QUALCOMM Snapdragon(TM)\n\tDevice: QUALCOMM Adreno(TM) 643\n\nCalls: 20\nElapsed: 2025181.792 us\nTotal FLOPs: 3.436e+11\nPerformance: 169.66 GFLOPS (FP32)\n===============End of Work===============\n\n\n--- EXECUTION LOGS ---\nStarting autograder from /autograder/source...\nExecuting benchmark inside /autograder/submission..."
}
