Timestamp (gradescope start): 1780455420408749262
========================================
Preparing job for Time: 4000000 µs
Transferring payload to cluster...
Timestamp (gradescope -> qcluster, start): 1780455421140580335
DEBUG: Starting internal submission script.
DEBUG: Go server found at internal IP: http://10.1.145.190:5000
DEBUG: Submitting job to Go server at http://10.1.145.190:5000/submit.
Timestamp (gradescope -> qcluster, end): 1780455421797186267
DEBUG: Submit HTTP Status: 202
DEBUG: Parsed JOB_ID: '259888ff-ed0c-419a-92c0-fcebdafee84e'. Polling for results...
DEBUG: Polling URL: http://10.1.145.190:5000/status/259888ff-ed0c-419a-92c0-fcebdafee84e (Time remaining: 300s)
DEBUG: Current Job Status: pending
DEBUG: Polling URL: http://10.1.145.190:5000/status/259888ff-ed0c-419a-92c0-fcebdafee84e (Time remaining: 295s)
DEBUG: Current Job Status: pending
DEBUG: Polling URL: http://10.1.145.190:5000/status/259888ff-ed0c-419a-92c0-fcebdafee84e (Time remaining: 290s)
DEBUG: Current Job Status: pending
DEBUG: Polling URL: http://10.1.145.190:5000/status/259888ff-ed0c-419a-92c0-fcebdafee84e (Time remaining: 284s)
DEBUG: Current Job Status: succeeded
DEBUG: Job 259888ff-ed0c-419a-92c0-fcebdafee84e completed. Fetching raw logs...
Timestamp (job 259888ff-ed0c-419a-92c0-fcebdafee84e, node krg-qcluster006: pod created): 1780455423000000000
Timestamp (job 259888ff-ed0c-419a-92c0-fcebdafee84e, node krg-qcluster006: output returned, success): 1780455428000000000
DEBUG: Raw JOB_RESULTS_OUTPUT:
{
    "score": 100,
    "output": "Compiling...\ncd helper_lib; make\nmake[1]: Entering directory '/autograder/submission/helper_lib'\ngcc -g -Wall -c -o device.o device.c -I/usr/local/cuda/include -L/usr/local/cuda/lib64 -lOpenCL -lm\ngcc -g -Wall -c -o kernel.o kernel.c -I/usr/local/cuda/include -L/usr/local/cuda/lib64 -lOpenCL -lm\ngcc -g -Wall -c -o matrix.o matrix.c -I/usr/local/cuda/include -L/usr/local/cuda/lib64 -lOpenCL -lm\ngcc -g -Wall -c -o img.o img.c -I/usr/local/cuda/include -L/usr/local/cuda/lib64 -lOpenCL -lm\nar rcs helper_lib.a device.o kernel.o matrix.o img.o\nmake[1]: Leaving directory '/autograder/submission/helper_lib'\ngcc -g -Wall -o solution helper_lib/helper_lib.a main.c -I helper_lib -I/usr/local/cuda/include helper_lib/helper_lib.a -lm -L/usr/local/cuda/lib64 -lOpenCL\nRunning solution with time: 4000000\n==============Starting Work==============\nRunning on:\n\tPlatform: QUALCOMM Snapdragon(TM)\n\tDevice: QUALCOMM Adreno(TM) 643\n\nCalls: 40\nElapsed: 4029958.797 us\nTotal FLOPs: 6.872e+11\nPerformance: 170.52 GFLOPS (FP32)\n===============End of Work===============\n"
}
DEBUG: Job succeeded. Formatting final JSON.
{
  "score": 100,
  "output": "Compiling...\ncd helper_lib; make\nmake[1]: Entering directory '/autograder/submission/helper_lib'\ngcc -g -Wall -c -o device.o device.c -I/usr/local/cuda/include -L/usr/local/cuda/lib64 -lOpenCL -lm\ngcc -g -Wall -c -o kernel.o kernel.c -I/usr/local/cuda/include -L/usr/local/cuda/lib64 -lOpenCL -lm\ngcc -g -Wall -c -o matrix.o matrix.c -I/usr/local/cuda/include -L/usr/local/cuda/lib64 -lOpenCL -lm\ngcc -g -Wall -c -o img.o img.c -I/usr/local/cuda/include -L/usr/local/cuda/lib64 -lOpenCL -lm\nar rcs helper_lib.a device.o kernel.o matrix.o img.o\nmake[1]: Leaving directory '/autograder/submission/helper_lib'\ngcc -g -Wall -o solution helper_lib/helper_lib.a main.c -I helper_lib -I/usr/local/cuda/include helper_lib/helper_lib.a -lm -L/usr/local/cuda/lib64 -lOpenCL\nRunning solution with time: 4000000\n==============Starting Work==============\nRunning on:\n\tPlatform: QUALCOMM Snapdragon(TM)\n\tDevice: QUALCOMM Adreno(TM) 643\n\nCalls: 40\nElapsed: 4029958.797 us\nTotal FLOPs: 6.872e+11\nPerformance: 170.52 GFLOPS (FP32)\n===============End of Work===============\n\n\n--- EXECUTION LOGS ---\nStarting autograder from /autograder/source...\nExecuting benchmark inside /autograder/submission..."
}
