Timestamp (gradescope start): 1780184928363662889
========================================
Preparing job for Time: 1000000 µs
Transferring payload to cluster...
Timestamp (gradescope -> junkyard, start): 1780184930030943206
mux_client_request_session: session request failed: Session open refused by peer
DEBUG: Starting internal submission script.
DEBUG: Waiting for tunnel handshake...
DEBUG: Go server found at internal IP: http://localhost:8888
DEBUG: Submitting job to Go server at http://localhost:8888/submit.
Timestamp (gradescope -> junkyard, end): 1780184940472913683
DEBUG: Submit HTTP Status: 202
DEBUG: Parsed JOB_ID: 'e6d235be-8fc7-4288-a2e7-6d01ea97b5c1'. Polling for results...
DEBUG: Polling URL: http://localhost:8888/status/e6d235be-8fc7-4288-a2e7-6d01ea97b5c1 (Time remaining: 300s)
DEBUG: Current Job Status: pending
DEBUG: Polling URL: http://localhost:8888/status/e6d235be-8fc7-4288-a2e7-6d01ea97b5c1 (Time remaining: 295s)
DEBUG: Current Job Status: pending
DEBUG: Polling URL: http://localhost:8888/status/e6d235be-8fc7-4288-a2e7-6d01ea97b5c1 (Time remaining: 290s)
DEBUG: Current Job Status: pending
DEBUG: Polling URL: http://localhost:8888/status/e6d235be-8fc7-4288-a2e7-6d01ea97b5c1 (Time remaining: 285s)
DEBUG: Current Job Status: succeeded
DEBUG: Job e6d235be-8fc7-4288-a2e7-6d01ea97b5c1 completed. Fetching raw logs...
{
  "score": 100,
  "output": "Compiling...\ncd helper_lib; make\nmake[1]: Entering directory '/autograder/submission/helper_lib'\ngcc -g -Wall -c -o device.o device.c -I/usr/local/cuda/include -L/usr/local/cuda/lib64 -lOpenCL -lm\ngcc -g -Wall -c -o kernel.o kernel.c -I/usr/local/cuda/include -L/usr/local/cuda/lib64 -lOpenCL -lm\ngcc -g -Wall -c -o matrix.o matrix.c -I/usr/local/cuda/include -L/usr/local/cuda/lib64 -lOpenCL -lm\ngcc -g -Wall -c -o img.o img.c -I/usr/local/cuda/include -L/usr/local/cuda/lib64 -lOpenCL -lm\nar rcs helper_lib.a device.o kernel.o matrix.o img.o\nmake[1]: Leaving directory '/autograder/submission/helper_lib'\ngcc -g -Wall -o solution helper_lib/helper_lib.a main.c -I helper_lib -I/usr/local/cuda/include helper_lib/helper_lib.a -lm -L/usr/local/cuda/lib64 -lOpenCL\nRunning solution with time: 1000000\n==============Starting Work==============\nRunning on:\n\tPlatform: ARM Platform\n\tDevice: Mali-G710 r0p0\n\nCalls: 15\nElapsed: 1045314.333 us\nTotal FLOPs: 2.577e+11\nPerformance: 246.53 GFLOPS (FP32)\n===============End of Work===============\n\n\n--- EXECUTION LOGS ---\nStarting autograder from /autograder/source...\nExecuting benchmark inside /autograder/submission..."
}
Timestamp (job e6d235be-8fc7-4288-a2e7-6d01ea97b5c1, node pf-029: pod created): 1780184946000000000
Timestamp (job e6d235be-8fc7-4288-a2e7-6d01ea97b5c1, node pf-029: output returned, success): 1780184948000000000
DEBUG: Raw JOB_RESULTS_OUTPUT:
{
    "score": 100,
    "output": "Compiling...\ncd helper_lib; make\nmake[1]: Entering directory '/autograder/submission/helper_lib'\ngcc -g -Wall -c -o device.o device.c -I/usr/local/cuda/include -L/usr/local/cuda/lib64 -lOpenCL -lm\ngcc -g -Wall -c -o kernel.o kernel.c -I/usr/local/cuda/include -L/usr/local/cuda/lib64 -lOpenCL -lm\ngcc -g -Wall -c -o matrix.o matrix.c -I/usr/local/cuda/include -L/usr/local/cuda/lib64 -lOpenCL -lm\ngcc -g -Wall -c -o img.o img.c -I/usr/local/cuda/include -L/usr/local/cuda/lib64 -lOpenCL -lm\nar rcs helper_lib.a device.o kernel.o matrix.o img.o\nmake[1]: Leaving directory '/autograder/submission/helper_lib'\ngcc -g -Wall -o solution helper_lib/helper_lib.a main.c -I helper_lib -I/usr/local/cuda/include helper_lib/helper_lib.a -lm -L/usr/local/cuda/lib64 -lOpenCL\nRunning solution with time: 1000000\n==============Starting Work==============\nRunning on:\n\tPlatform: ARM Platform\n\tDevice: Mali-G710 r0p0\n\nCalls: 15\nElapsed: 1045314.333 us\nTotal FLOPs: 2.577e+11\nPerformance: 246.53 GFLOPS (FP32)\n===============End of Work===============\n"
}
DEBUG: Job succeeded. Formatting final JSON.
