Timestamp (gradescope start): 1780184928377544816
========================================
Preparing job for Time: 2000000 µs
Transferring payload to cluster...
Timestamp (gradescope -> junkyard, start): 1780184928671819069
DEBUG: Starting internal submission script.
DEBUG: Waiting for tunnel handshake...
DEBUG: Go server found at internal IP: http://localhost:8888
DEBUG: Submitting job to Go server at http://localhost:8888/submit.
Timestamp (gradescope -> junkyard, end): 1780184932283735611
DEBUG: Submit HTTP Status: 202
DEBUG: Parsed JOB_ID: '51d15da9-bbb8-4012-883c-a2e9772bfb52'. Polling for results...
DEBUG: Polling URL: http://localhost:8888/status/51d15da9-bbb8-4012-883c-a2e9772bfb52 (Time remaining: 300s)
DEBUG: Current Job Status: pending
DEBUG: Polling URL: http://localhost:8888/status/51d15da9-bbb8-4012-883c-a2e9772bfb52 (Time remaining: 295s)
DEBUG: Current Job Status: pending
DEBUG: Polling URL: http://localhost:8888/status/51d15da9-bbb8-4012-883c-a2e9772bfb52 (Time remaining: 290s)
DEBUG: Current Job Status: pending
DEBUG: Polling URL: http://localhost:8888/status/51d15da9-bbb8-4012-883c-a2e9772bfb52 (Time remaining: 285s)
DEBUG: Current Job Status: pending
DEBUG: Polling URL: http://localhost:8888/status/51d15da9-bbb8-4012-883c-a2e9772bfb52 (Time remaining: 280s)
DEBUG: Current Job Status: pending
DEBUG: Polling URL: http://localhost:8888/status/51d15da9-bbb8-4012-883c-a2e9772bfb52 (Time remaining: 275s)
DEBUG: Current Job Status: pending
DEBUG: Polling URL: http://localhost:8888/status/51d15da9-bbb8-4012-883c-a2e9772bfb52 (Time remaining: 270s)
DEBUG: Current Job Status: pending
DEBUG: Polling URL: http://localhost:8888/status/51d15da9-bbb8-4012-883c-a2e9772bfb52 (Time remaining: 265s)
DEBUG: Current Job Status: pending
DEBUG: Polling URL: http://localhost:8888/status/51d15da9-bbb8-4012-883c-a2e9772bfb52 (Time remaining: 260s)
DEBUG: Current Job Status: succeeded
DEBUG: Job 51d15da9-bbb8-4012-883c-a2e9772bfb52 completed. Fetching raw logs...
{
  "score": 100,
  "output": "Compiling...\ncd helper_lib; make\nmake[1]: Entering directory '/autograder/submission/helper_lib'\ngcc -g -Wall -c -o device.o device.c -I/usr/local/cuda/include -L/usr/local/cuda/lib64 -lOpenCL -lm\ngcc -g -Wall -c -o kernel.o kernel.c -I/usr/local/cuda/include -L/usr/local/cuda/lib64 -lOpenCL -lm\ngcc -g -Wall -c -o matrix.o matrix.c -I/usr/local/cuda/include -L/usr/local/cuda/lib64 -lOpenCL -lm\ngcc -g -Wall -c -o img.o img.c -I/usr/local/cuda/include -L/usr/local/cuda/lib64 -lOpenCL -lm\nar rcs helper_lib.a device.o kernel.o matrix.o img.o\nmake[1]: Leaving directory '/autograder/submission/helper_lib'\ngcc -g -Wall -o solution helper_lib/helper_lib.a main.c -I helper_lib -I/usr/local/cuda/include helper_lib/helper_lib.a -lm -L/usr/local/cuda/lib64 -lOpenCL\nRunning solution with time: 2000000\n==============Starting Work==============\nRunning on:\n\tPlatform: ARM Platform\n\tDevice: Mali-G710 r0p0\n\nCalls: 29\nElapsed: 2002205.156 us\nTotal FLOPs: 4.982e+11\nPerformance: 248.83 GFLOPS (FP32)\n===============End of Work===============\n\n\n--- EXECUTION LOGS ---\nStarting autograder from /autograder/source...\nExecuting benchmark inside /autograder/submission..."
}
Timestamp (job 51d15da9-bbb8-4012-883c-a2e9772bfb52, node pf-022: pod created): 1780184960000000000
Timestamp (job 51d15da9-bbb8-4012-883c-a2e9772bfb52, node pf-022: output returned, success): 1780184963000000000
DEBUG: Raw JOB_RESULTS_OUTPUT:
{
    "score": 100,
    "output": "Compiling...\ncd helper_lib; make\nmake[1]: Entering directory '/autograder/submission/helper_lib'\ngcc -g -Wall -c -o device.o device.c -I/usr/local/cuda/include -L/usr/local/cuda/lib64 -lOpenCL -lm\ngcc -g -Wall -c -o kernel.o kernel.c -I/usr/local/cuda/include -L/usr/local/cuda/lib64 -lOpenCL -lm\ngcc -g -Wall -c -o matrix.o matrix.c -I/usr/local/cuda/include -L/usr/local/cuda/lib64 -lOpenCL -lm\ngcc -g -Wall -c -o img.o img.c -I/usr/local/cuda/include -L/usr/local/cuda/lib64 -lOpenCL -lm\nar rcs helper_lib.a device.o kernel.o matrix.o img.o\nmake[1]: Leaving directory '/autograder/submission/helper_lib'\ngcc -g -Wall -o solution helper_lib/helper_lib.a main.c -I helper_lib -I/usr/local/cuda/include helper_lib/helper_lib.a -lm -L/usr/local/cuda/lib64 -lOpenCL\nRunning solution with time: 2000000\n==============Starting Work==============\nRunning on:\n\tPlatform: ARM Platform\n\tDevice: Mali-G710 r0p0\n\nCalls: 29\nElapsed: 2002205.156 us\nTotal FLOPs: 4.982e+11\nPerformance: 248.83 GFLOPS (FP32)\n===============End of Work===============\n"
}
DEBUG: Job succeeded. Formatting final JSON.
