Timestamp (gradescope start): 1780184928383061968
========================================
Preparing job for Time: 4000000 µs
Transferring payload to cluster...
Timestamp (gradescope -> junkyard, start): 1780184929003516839
DEBUG: Starting internal submission script.
DEBUG: Waiting for tunnel handshake...
DEBUG: Go server found at internal IP: http://localhost:8888
DEBUG: Submitting job to Go server at http://localhost:8888/submit.
Timestamp (gradescope -> junkyard, end): 1780184939688090714
DEBUG: Submit HTTP Status: 202
DEBUG: Parsed JOB_ID: '8a627f3c-fb30-4416-90af-cfef7439f510'. Polling for results...
DEBUG: Polling URL: http://localhost:8888/status/8a627f3c-fb30-4416-90af-cfef7439f510 (Time remaining: 300s)
DEBUG: Current Job Status: pending
DEBUG: Polling URL: http://localhost:8888/status/8a627f3c-fb30-4416-90af-cfef7439f510 (Time remaining: 295s)
DEBUG: Current Job Status: pending
DEBUG: Polling URL: http://localhost:8888/status/8a627f3c-fb30-4416-90af-cfef7439f510 (Time remaining: 290s)
DEBUG: Current Job Status: pending
DEBUG: Polling URL: http://localhost:8888/status/8a627f3c-fb30-4416-90af-cfef7439f510 (Time remaining: 285s)
DEBUG: Current Job Status: succeeded
DEBUG: Job 8a627f3c-fb30-4416-90af-cfef7439f510 completed. Fetching raw logs...
{
  "score": 100,
  "output": "Compiling...\ncd helper_lib; make\nmake[1]: Entering directory '/autograder/submission/helper_lib'\ngcc -g -Wall -c -o device.o device.c -I/usr/local/cuda/include -L/usr/local/cuda/lib64 -lOpenCL -lm\ngcc -g -Wall -c -o kernel.o kernel.c -I/usr/local/cuda/include -L/usr/local/cuda/lib64 -lOpenCL -lm\ngcc -g -Wall -c -o matrix.o matrix.c -I/usr/local/cuda/include -L/usr/local/cuda/lib64 -lOpenCL -lm\ngcc -g -Wall -c -o img.o img.c -I/usr/local/cuda/include -L/usr/local/cuda/lib64 -lOpenCL -lm\nar rcs helper_lib.a device.o kernel.o matrix.o img.o\nmake[1]: Leaving directory '/autograder/submission/helper_lib'\ngcc -g -Wall -o solution helper_lib/helper_lib.a main.c -I helper_lib -I/usr/local/cuda/include helper_lib/helper_lib.a -lm -L/usr/local/cuda/lib64 -lOpenCL\nRunning solution with time: 4000000\n==============Starting Work==============\nRunning on:\n\tPlatform: ARM Platform\n\tDevice: Mali-G710 r0p0\n\nCalls: 59\nElapsed: 4065017.298 us\nTotal FLOPs: 1.014e+12\nPerformance: 249.35 GFLOPS (FP32)\n===============End of Work===============\n\n\n--- EXECUTION LOGS ---\nStarting autograder from /autograder/source...\nExecuting benchmark inside /autograder/submission..."
}
Timestamp (job 8a627f3c-fb30-4416-90af-cfef7439f510, node pf-025: pod created): 1780184942000000000
Timestamp (job 8a627f3c-fb30-4416-90af-cfef7439f510, node pf-025: output returned, success): 1780184947000000000
DEBUG: Raw JOB_RESULTS_OUTPUT:
{
    "score": 100,
    "output": "Compiling...\ncd helper_lib; make\nmake[1]: Entering directory '/autograder/submission/helper_lib'\ngcc -g -Wall -c -o device.o device.c -I/usr/local/cuda/include -L/usr/local/cuda/lib64 -lOpenCL -lm\ngcc -g -Wall -c -o kernel.o kernel.c -I/usr/local/cuda/include -L/usr/local/cuda/lib64 -lOpenCL -lm\ngcc -g -Wall -c -o matrix.o matrix.c -I/usr/local/cuda/include -L/usr/local/cuda/lib64 -lOpenCL -lm\ngcc -g -Wall -c -o img.o img.c -I/usr/local/cuda/include -L/usr/local/cuda/lib64 -lOpenCL -lm\nar rcs helper_lib.a device.o kernel.o matrix.o img.o\nmake[1]: Leaving directory '/autograder/submission/helper_lib'\ngcc -g -Wall -o solution helper_lib/helper_lib.a main.c -I helper_lib -I/usr/local/cuda/include helper_lib/helper_lib.a -lm -L/usr/local/cuda/lib64 -lOpenCL\nRunning solution with time: 4000000\n==============Starting Work==============\nRunning on:\n\tPlatform: ARM Platform\n\tDevice: Mali-G710 r0p0\n\nCalls: 59\nElapsed: 4065017.298 us\nTotal FLOPs: 1.014e+12\nPerformance: 249.35 GFLOPS (FP32)\n===============End of Work===============\n"
}
DEBUG: Job succeeded. Formatting final JSON.
