Timestamp (gradescope start): 1780473745751861932
========================================
Preparing job for Time: 2000000 µs
Transferring payload to cluster...
Timestamp (gradescope -> qcluster, start): 1780473745912483177
DEBUG: Starting internal submission script.
DEBUG: Go server found at internal IP: http://10.1.145.176:5000
DEBUG: Submitting job to Go server at http://10.1.145.176:5000/submit.
Timestamp (gradescope -> qcluster, end): 1780473748684581096
DEBUG: Submit HTTP Status: 202
DEBUG: Parsed JOB_ID: '04481410-4e30-483b-bdd9-38cb0a6b4a1d'. Polling for results...
DEBUG: Polling URL: http://10.1.145.176:5000/status/04481410-4e30-483b-bdd9-38cb0a6b4a1d (Time remaining: 300s)
DEBUG: Current Job Status: pending
DEBUG: Polling URL: http://10.1.145.176:5000/status/04481410-4e30-483b-bdd9-38cb0a6b4a1d (Time remaining: 294s)
DEBUG: Current Job Status: pending
DEBUG: Polling URL: http://10.1.145.176:5000/status/04481410-4e30-483b-bdd9-38cb0a6b4a1d (Time remaining: 289s)
DEBUG: Current Job Status: succeeded
DEBUG: Job 04481410-4e30-483b-bdd9-38cb0a6b4a1d completed. Fetching raw logs...
{
  "score": 100,
  "output": "Compiling...\ncd helper_lib; make\nmake[1]: Entering directory '/autograder/submission/helper_lib'\ngcc -g -Wall -c -o device.o device.c -I/usr/local/cuda/include -L/usr/local/cuda/lib64 -lOpenCL -lm\ngcc -g -Wall -c -o kernel.o kernel.c -I/usr/local/cuda/include -L/usr/local/cuda/lib64 -lOpenCL -lm\ngcc -g -Wall -c -o matrix.o matrix.c -I/usr/local/cuda/include -L/usr/local/cuda/lib64 -lOpenCL -lm\ngcc -g -Wall -c -o img.o img.c -I/usr/local/cuda/include -L/usr/local/cuda/lib64 -lOpenCL -lm\nar rcs helper_lib.a device.o kernel.o matrix.o img.o\nmake[1]: Leaving directory '/autograder/submission/helper_lib'\ngcc -g -Wall -o solution helper_lib/helper_lib.a main.c -I helper_lib -I/usr/local/cuda/include helper_lib/helper_lib.a -lm -L/usr/local/cuda/lib64 -lOpenCL\nRunning solution with time: 2000000\n==============Starting Work==============\nRunning on:\n\tPlatform: QUALCOMM Snapdragon(TM)\n\tDevice: QUALCOMM Adreno(TM) 643\n\nCalls: 20\nElapsed: 2022925.562 us\nTotal FLOPs: 3.436e+11\nPerformance: 169.85 GFLOPS (FP32)\n===============End of Work===============\n\n\n--- EXECUTION LOGS ---\nStarting autograder from /autograder/source...\nExecuting benchmark inside /autograder/submission..."
}
Timestamp (job 04481410-4e30-483b-bdd9-38cb0a6b4a1d, node krg-qcluster002: pod created): 1780473753000000000
Timestamp (job 04481410-4e30-483b-bdd9-38cb0a6b4a1d, node krg-qcluster002: output returned, success): 1780473755000000000
DEBUG: Raw JOB_RESULTS_OUTPUT:
{
    "score": 100,
    "output": "Compiling...\ncd helper_lib; make\nmake[1]: Entering directory '/autograder/submission/helper_lib'\ngcc -g -Wall -c -o device.o device.c -I/usr/local/cuda/include -L/usr/local/cuda/lib64 -lOpenCL -lm\ngcc -g -Wall -c -o kernel.o kernel.c -I/usr/local/cuda/include -L/usr/local/cuda/lib64 -lOpenCL -lm\ngcc -g -Wall -c -o matrix.o matrix.c -I/usr/local/cuda/include -L/usr/local/cuda/lib64 -lOpenCL -lm\ngcc -g -Wall -c -o img.o img.c -I/usr/local/cuda/include -L/usr/local/cuda/lib64 -lOpenCL -lm\nar rcs helper_lib.a device.o kernel.o matrix.o img.o\nmake[1]: Leaving directory '/autograder/submission/helper_lib'\ngcc -g -Wall -o solution helper_lib/helper_lib.a main.c -I helper_lib -I/usr/local/cuda/include helper_lib/helper_lib.a -lm -L/usr/local/cuda/lib64 -lOpenCL\nRunning solution with time: 2000000\n==============Starting Work==============\nRunning on:\n\tPlatform: QUALCOMM Snapdragon(TM)\n\tDevice: QUALCOMM Adreno(TM) 643\n\nCalls: 20\nElapsed: 2022925.562 us\nTotal FLOPs: 3.436e+11\nPerformance: 169.85 GFLOPS (FP32)\n===============End of Work===============\n"
}
DEBUG: Job succeeded. Formatting final JSON.
