Timestamp (gradescope start): 1780463959882373153
========================================
Preparing job for Time: 1000000 µs
Transferring payload to cluster...
Timestamp (gradescope -> qcluster, start): 1780463960059074508
DEBUG: Starting internal submission script.
DEBUG: Go server found at internal IP: http://10.1.145.174:5000
DEBUG: Submitting job to Go server at http://10.1.145.174:5000/submit.
Timestamp (gradescope -> qcluster, end): 1780463970564687680
DEBUG: Submit HTTP Status: 202
DEBUG: Parsed JOB_ID: '14ad3acd-d49d-4239-aaab-a766a8e4190b'. Polling for results...
DEBUG: Polling URL: http://10.1.145.174:5000/status/14ad3acd-d49d-4239-aaab-a766a8e4190b (Time remaining: 300s)
DEBUG: Current Job Status: pending
DEBUG: Polling URL: http://10.1.145.174:5000/status/14ad3acd-d49d-4239-aaab-a766a8e4190b (Time remaining: 295s)
DEBUG: Current Job Status: pending
DEBUG: Polling URL: http://10.1.145.174:5000/status/14ad3acd-d49d-4239-aaab-a766a8e4190b (Time remaining: 290s)
DEBUG: Current Job Status: pending
DEBUG: Polling URL: http://10.1.145.174:5000/status/14ad3acd-d49d-4239-aaab-a766a8e4190b (Time remaining: 285s)
DEBUG: Current Job Status: succeeded
DEBUG: Job 14ad3acd-d49d-4239-aaab-a766a8e4190b completed. Fetching raw logs...
Timestamp (job 14ad3acd-d49d-4239-aaab-a766a8e4190b, node krg-qcluster002: pod created): 1780463977000000000
Timestamp (job 14ad3acd-d49d-4239-aaab-a766a8e4190b, node krg-qcluster002: output returned, success): 1780463978000000000
DEBUG: Raw JOB_RESULTS_OUTPUT:
{
    "score": 100,
    "output": "Compiling...\ncd helper_lib; make\nmake[1]: Entering directory '/autograder/submission/helper_lib'\ngcc -g -Wall -c -o device.o device.c -I/usr/local/cuda/include -L/usr/local/cuda/lib64 -lOpenCL -lm\ngcc -g -Wall -c -o kernel.o kernel.c -I/usr/local/cuda/include -L/usr/local/cuda/lib64 -lOpenCL -lm\ngcc -g -Wall -c -o matrix.o matrix.c -I/usr/local/cuda/include -L/usr/local/cuda/lib64 -lOpenCL -lm\ngcc -g -Wall -c -o img.o img.c -I/usr/local/cuda/include -L/usr/local/cuda/lib64 -lOpenCL -lm\nar rcs helper_lib.a device.o kernel.o matrix.o img.o\nmake[1]: Leaving directory '/autograder/submission/helper_lib'\ngcc -g -Wall -o solution helper_lib/helper_lib.a main.c -I helper_lib -I/usr/local/cuda/include helper_lib/helper_lib.a -lm -L/usr/local/cuda/lib64 -lOpenCL\nRunning solution with time: 1000000\n==============Starting Work==============\nRunning on:\n\tPlatform: QUALCOMM Snapdragon(TM)\n\tDevice: QUALCOMM Adreno(TM) 643\n\nCalls: 10\nElapsed: 1013156.388 us\nTotal FLOPs: 1.718e+11\nPerformance: 169.57 GFLOPS (FP32)\n===============End of Work===============\n"
}
DEBUG: Job succeeded. Formatting final JSON.
{
  "score": 100,
  "output": "Compiling...\ncd helper_lib; make\nmake[1]: Entering directory '/autograder/submission/helper_lib'\ngcc -g -Wall -c -o device.o device.c -I/usr/local/cuda/include -L/usr/local/cuda/lib64 -lOpenCL -lm\ngcc -g -Wall -c -o kernel.o kernel.c -I/usr/local/cuda/include -L/usr/local/cuda/lib64 -lOpenCL -lm\ngcc -g -Wall -c -o matrix.o matrix.c -I/usr/local/cuda/include -L/usr/local/cuda/lib64 -lOpenCL -lm\ngcc -g -Wall -c -o img.o img.c -I/usr/local/cuda/include -L/usr/local/cuda/lib64 -lOpenCL -lm\nar rcs helper_lib.a device.o kernel.o matrix.o img.o\nmake[1]: Leaving directory '/autograder/submission/helper_lib'\ngcc -g -Wall -o solution helper_lib/helper_lib.a main.c -I helper_lib -I/usr/local/cuda/include helper_lib/helper_lib.a -lm -L/usr/local/cuda/lib64 -lOpenCL\nRunning solution with time: 1000000\n==============Starting Work==============\nRunning on:\n\tPlatform: QUALCOMM Snapdragon(TM)\n\tDevice: QUALCOMM Adreno(TM) 643\n\nCalls: 10\nElapsed: 1013156.388 us\nTotal FLOPs: 1.718e+11\nPerformance: 169.57 GFLOPS (FP32)\n===============End of Work===============\n\n\n--- EXECUTION LOGS ---\nStarting autograder from /autograder/source...\nExecuting benchmark inside /autograder/submission..."
}
