Timestamp (gradescope start): 1780186983333635243
========================================
Preparing job for Time: 4000000 µs
Transferring payload to cluster...
Timestamp (gradescope -> junkyard, start): 1780186983534073522
DEBUG: Starting internal submission script.
DEBUG: Waiting for tunnel handshake...
DEBUG: Go server found at internal IP: http://localhost:8888
DEBUG: Submitting job to Go server at http://localhost:8888/submit.
Timestamp (gradescope -> junkyard, end): 1780186986774284818
DEBUG: Submit HTTP Status: 202
DEBUG: Parsed JOB_ID: 'a9a1d672-2094-45ac-af9f-abb5097c2172'. Polling for results...
DEBUG: Polling URL: http://localhost:8888/status/a9a1d672-2094-45ac-af9f-abb5097c2172 (Time remaining: 300s)
DEBUG: Current Job Status: pending
DEBUG: Polling URL: http://localhost:8888/status/a9a1d672-2094-45ac-af9f-abb5097c2172 (Time remaining: 295s)
DEBUG: Current Job Status: pending
DEBUG: Polling URL: http://localhost:8888/status/a9a1d672-2094-45ac-af9f-abb5097c2172 (Time remaining: 290s)
DEBUG: Current Job Status: pending
DEBUG: Polling URL: http://localhost:8888/status/a9a1d672-2094-45ac-af9f-abb5097c2172 (Time remaining: 285s)
DEBUG: Current Job Status: pending
DEBUG: Polling URL: http://localhost:8888/status/a9a1d672-2094-45ac-af9f-abb5097c2172 (Time remaining: 280s)
DEBUG: Current Job Status: pending
DEBUG: Polling URL: http://localhost:8888/status/a9a1d672-2094-45ac-af9f-abb5097c2172 (Time remaining: 274s)
DEBUG: Current Job Status: succeeded
DEBUG: Job a9a1d672-2094-45ac-af9f-abb5097c2172 completed. Fetching raw logs...
{
  "score": 100,
  "output": "Compiling...\ncd helper_lib; make\nmake[1]: Entering directory '/autograder/submission/helper_lib'\ngcc -g -Wall -c -o device.o device.c -I/usr/local/cuda/include -L/usr/local/cuda/lib64 -lOpenCL -lm\ngcc -g -Wall -c -o kernel.o kernel.c -I/usr/local/cuda/include -L/usr/local/cuda/lib64 -lOpenCL -lm\ngcc -g -Wall -c -o matrix.o matrix.c -I/usr/local/cuda/include -L/usr/local/cuda/lib64 -lOpenCL -lm\ngcc -g -Wall -c -o img.o img.c -I/usr/local/cuda/include -L/usr/local/cuda/lib64 -lOpenCL -lm\nar rcs helper_lib.a device.o kernel.o matrix.o img.o\nmake[1]: Leaving directory '/autograder/submission/helper_lib'\ngcc -g -Wall -o solution helper_lib/helper_lib.a main.c -I helper_lib -I/usr/local/cuda/include helper_lib/helper_lib.a -lm -L/usr/local/cuda/lib64 -lOpenCL\nRunning solution with time: 4000000\n==============Starting Work==============\nRunning on:\n\tPlatform: ARM Platform\n\tDevice: Mali-G710 r0p0\n\nCalls: 59\nElapsed: 4063277.452 us\nTotal FLOPs: 1.014e+12\nPerformance: 249.46 GFLOPS (FP32)\n===============End of Work===============\n\n\n--- EXECUTION LOGS ---\nStarting autograder from /autograder/source...\nExecuting benchmark inside /autograder/submission..."
}
Timestamp (job a9a1d672-2094-45ac-af9f-abb5097c2172, node pf-026: pod created): 1780187000000000000
Timestamp (job a9a1d672-2094-45ac-af9f-abb5097c2172, node pf-026: output returned, success): 1780187005000000000
DEBUG: Raw JOB_RESULTS_OUTPUT:
{
    "score": 100,
    "output": "Compiling...\ncd helper_lib; make\nmake[1]: Entering directory '/autograder/submission/helper_lib'\ngcc -g -Wall -c -o device.o device.c -I/usr/local/cuda/include -L/usr/local/cuda/lib64 -lOpenCL -lm\ngcc -g -Wall -c -o kernel.o kernel.c -I/usr/local/cuda/include -L/usr/local/cuda/lib64 -lOpenCL -lm\ngcc -g -Wall -c -o matrix.o matrix.c -I/usr/local/cuda/include -L/usr/local/cuda/lib64 -lOpenCL -lm\ngcc -g -Wall -c -o img.o img.c -I/usr/local/cuda/include -L/usr/local/cuda/lib64 -lOpenCL -lm\nar rcs helper_lib.a device.o kernel.o matrix.o img.o\nmake[1]: Leaving directory '/autograder/submission/helper_lib'\ngcc -g -Wall -o solution helper_lib/helper_lib.a main.c -I helper_lib -I/usr/local/cuda/include helper_lib/helper_lib.a -lm -L/usr/local/cuda/lib64 -lOpenCL\nRunning solution with time: 4000000\n==============Starting Work==============\nRunning on:\n\tPlatform: ARM Platform\n\tDevice: Mali-G710 r0p0\n\nCalls: 59\nElapsed: 4063277.452 us\nTotal FLOPs: 1.014e+12\nPerformance: 249.46 GFLOPS (FP32)\n===============End of Work===============\n"
}
DEBUG: Job succeeded. Formatting final JSON.
