Timestamp (gradescope start): 1780186785615522524
========================================
Preparing job for Time: 2000000 µs
Transferring payload to cluster...
Timestamp (gradescope -> junkyard, start): 1780186785987234781
DEBUG: Starting internal submission script.
DEBUG: Waiting for tunnel handshake...
DEBUG: Go server found at internal IP: http://localhost:8888
DEBUG: Submitting job to Go server at http://localhost:8888/submit.
Timestamp (gradescope -> junkyard, end): 1780186789226293242
DEBUG: Submit HTTP Status: 202
DEBUG: Parsed JOB_ID: 'c672b0c6-b5e7-4df8-96a6-8c46e066913f'. Polling for results...
DEBUG: Polling URL: http://localhost:8888/status/c672b0c6-b5e7-4df8-96a6-8c46e066913f (Time remaining: 300s)
DEBUG: Current Job Status: pending
DEBUG: Polling URL: http://localhost:8888/status/c672b0c6-b5e7-4df8-96a6-8c46e066913f (Time remaining: 295s)
DEBUG: Current Job Status: pending
DEBUG: Polling URL: http://localhost:8888/status/c672b0c6-b5e7-4df8-96a6-8c46e066913f (Time remaining: 290s)
DEBUG: Current Job Status: pending
DEBUG: Polling URL: http://localhost:8888/status/c672b0c6-b5e7-4df8-96a6-8c46e066913f (Time remaining: 285s)
DEBUG: Current Job Status: pending
DEBUG: Polling URL: http://localhost:8888/status/c672b0c6-b5e7-4df8-96a6-8c46e066913f (Time remaining: 280s)
DEBUG: Current Job Status: pending
DEBUG: Polling URL: http://localhost:8888/status/c672b0c6-b5e7-4df8-96a6-8c46e066913f (Time remaining: 275s)
DEBUG: Current Job Status: pending
DEBUG: Polling URL: http://localhost:8888/status/c672b0c6-b5e7-4df8-96a6-8c46e066913f (Time remaining: 270s)
DEBUG: Current Job Status: pending
DEBUG: Polling URL: http://localhost:8888/status/c672b0c6-b5e7-4df8-96a6-8c46e066913f (Time remaining: 265s)
DEBUG: Current Job Status: pending
DEBUG: Polling URL: http://localhost:8888/status/c672b0c6-b5e7-4df8-96a6-8c46e066913f (Time remaining: 260s)
DEBUG: Current Job Status: pending
DEBUG: Polling URL: http://localhost:8888/status/c672b0c6-b5e7-4df8-96a6-8c46e066913f (Time remaining: 255s)
DEBUG: Current Job Status: pending
DEBUG: Polling URL: http://localhost:8888/status/c672b0c6-b5e7-4df8-96a6-8c46e066913f (Time remaining: 250s)
DEBUG: Current Job Status: succeeded
DEBUG: Job c672b0c6-b5e7-4df8-96a6-8c46e066913f completed. Fetching raw logs...
Timestamp (job c672b0c6-b5e7-4df8-96a6-8c46e066913f, node pf-029: pod created): 1780186830000000000
Timestamp (job c672b0c6-b5e7-4df8-96a6-8c46e066913f, node pf-029: output returned, success): 1780186833000000000
DEBUG: Raw JOB_RESULTS_OUTPUT:
{
    "score": 100,
    "output": "Compiling...\ncd helper_lib; make\nmake[1]: Entering directory '/autograder/submission/helper_lib'\ngcc -g -Wall -c -o device.o device.c -I/usr/local/cuda/include -L/usr/local/cuda/lib64 -lOpenCL -lm\ngcc -g -Wall -c -o kernel.o kernel.c -I/usr/local/cuda/include -L/usr/local/cuda/lib64 -lOpenCL -lm\ngcc -g -Wall -c -o matrix.o matrix.c -I/usr/local/cuda/include -L/usr/local/cuda/lib64 -lOpenCL -lm\ngcc -g -Wall -c -o img.o img.c -I/usr/local/cuda/include -L/usr/local/cuda/lib64 -lOpenCL -lm\nar rcs helper_lib.a device.o kernel.o matrix.o img.o\nmake[1]: Leaving directory '/autograder/submission/helper_lib'\ngcc -g -Wall -o solution helper_lib/helper_lib.a main.c -I helper_lib -I/usr/local/cuda/include helper_lib/helper_lib.a -lm -L/usr/local/cuda/lib64 -lOpenCL\nRunning solution with time: 2000000\n==============Starting Work==============\nRunning on:\n\tPlatform: ARM Platform\n\tDevice: Mali-G710 r0p0\n\nCalls: 30\nElapsed: 2067825.607 us\nTotal FLOPs: 5.154e+11\nPerformance: 249.25 GFLOPS (FP32)\n===============End of Work===============\n"
}
DEBUG: Job succeeded. Formatting final JSON.
{
  "score": 100,
  "output": "Compiling...\ncd helper_lib; make\nmake[1]: Entering directory '/autograder/submission/helper_lib'\ngcc -g -Wall -c -o device.o device.c -I/usr/local/cuda/include -L/usr/local/cuda/lib64 -lOpenCL -lm\ngcc -g -Wall -c -o kernel.o kernel.c -I/usr/local/cuda/include -L/usr/local/cuda/lib64 -lOpenCL -lm\ngcc -g -Wall -c -o matrix.o matrix.c -I/usr/local/cuda/include -L/usr/local/cuda/lib64 -lOpenCL -lm\ngcc -g -Wall -c -o img.o img.c -I/usr/local/cuda/include -L/usr/local/cuda/lib64 -lOpenCL -lm\nar rcs helper_lib.a device.o kernel.o matrix.o img.o\nmake[1]: Leaving directory '/autograder/submission/helper_lib'\ngcc -g -Wall -o solution helper_lib/helper_lib.a main.c -I helper_lib -I/usr/local/cuda/include helper_lib/helper_lib.a -lm -L/usr/local/cuda/lib64 -lOpenCL\nRunning solution with time: 2000000\n==============Starting Work==============\nRunning on:\n\tPlatform: ARM Platform\n\tDevice: Mali-G710 r0p0\n\nCalls: 30\nElapsed: 2067825.607 us\nTotal FLOPs: 5.154e+11\nPerformance: 249.25 GFLOPS (FP32)\n===============End of Work===============\n\n\n--- EXECUTION LOGS ---\nStarting autograder from /autograder/source...\nExecuting benchmark inside /autograder/submission..."
}
