Timestamp (gradescope start): 1780186785594658384
========================================
Preparing job for Time: 2000000 µs
Transferring payload to cluster...
Timestamp (gradescope -> junkyard, start): 1780186786585033279
mux_client_request_session: session request failed: Session open refused by peer
DEBUG: Starting internal submission script.
DEBUG: Waiting for tunnel handshake...
DEBUG: Go server found at internal IP: http://localhost:8888
DEBUG: Submitting job to Go server at http://localhost:8888/submit.
Timestamp (gradescope -> junkyard, end): 1780186797225995039
DEBUG: Submit HTTP Status: 202
DEBUG: Parsed JOB_ID: 'c9dd6af6-4a14-47e1-bf71-11c22ba5a389'. Polling for results...
DEBUG: Polling URL: http://localhost:8888/status/c9dd6af6-4a14-47e1-bf71-11c22ba5a389 (Time remaining: 300s)
DEBUG: Current Job Status: pending
DEBUG: Polling URL: http://localhost:8888/status/c9dd6af6-4a14-47e1-bf71-11c22ba5a389 (Time remaining: 295s)
DEBUG: Current Job Status: pending
DEBUG: Polling URL: http://localhost:8888/status/c9dd6af6-4a14-47e1-bf71-11c22ba5a389 (Time remaining: 290s)
DEBUG: Current Job Status: pending
DEBUG: Polling URL: http://localhost:8888/status/c9dd6af6-4a14-47e1-bf71-11c22ba5a389 (Time remaining: 285s)
DEBUG: Current Job Status: succeeded
DEBUG: Job c9dd6af6-4a14-47e1-bf71-11c22ba5a389 completed. Fetching raw logs...
{
  "score": 100,
  "output": "Compiling...\ncd helper_lib; make\nmake[1]: Entering directory '/autograder/submission/helper_lib'\ngcc -g -Wall -c -o device.o device.c -I/usr/local/cuda/include -L/usr/local/cuda/lib64 -lOpenCL -lm\ngcc -g -Wall -c -o kernel.o kernel.c -I/usr/local/cuda/include -L/usr/local/cuda/lib64 -lOpenCL -lm\ngcc -g -Wall -c -o matrix.o matrix.c -I/usr/local/cuda/include -L/usr/local/cuda/lib64 -lOpenCL -lm\ngcc -g -Wall -c -o img.o img.c -I/usr/local/cuda/include -L/usr/local/cuda/lib64 -lOpenCL -lm\nar rcs helper_lib.a device.o kernel.o matrix.o img.o\nmake[1]: Leaving directory '/autograder/submission/helper_lib'\ngcc -g -Wall -o solution helper_lib/helper_lib.a main.c -I helper_lib -I/usr/local/cuda/include helper_lib/helper_lib.a -lm -L/usr/local/cuda/lib64 -lOpenCL\nRunning solution with time: 2000000\n==============Starting Work==============\nRunning on:\n\tPlatform: ARM Platform\n\tDevice: Mali-G710 r0p0\n\nCalls: 29\nElapsed: 2006841.402 us\nTotal FLOPs: 4.982e+11\nPerformance: 248.26 GFLOPS (FP32)\n===============End of Work===============\n\n\n--- EXECUTION LOGS ---\nStarting autograder from /autograder/source...\nExecuting benchmark inside /autograder/submission..."
}
Timestamp (job c9dd6af6-4a14-47e1-bf71-11c22ba5a389, node pf-027: pod created): 1780186800000000000
Timestamp (job c9dd6af6-4a14-47e1-bf71-11c22ba5a389, node pf-027: output returned, success): 1780186803000000000
DEBUG: Raw JOB_RESULTS_OUTPUT:
{
    "score": 100,
    "output": "Compiling...\ncd helper_lib; make\nmake[1]: Entering directory '/autograder/submission/helper_lib'\ngcc -g -Wall -c -o device.o device.c -I/usr/local/cuda/include -L/usr/local/cuda/lib64 -lOpenCL -lm\ngcc -g -Wall -c -o kernel.o kernel.c -I/usr/local/cuda/include -L/usr/local/cuda/lib64 -lOpenCL -lm\ngcc -g -Wall -c -o matrix.o matrix.c -I/usr/local/cuda/include -L/usr/local/cuda/lib64 -lOpenCL -lm\ngcc -g -Wall -c -o img.o img.c -I/usr/local/cuda/include -L/usr/local/cuda/lib64 -lOpenCL -lm\nar rcs helper_lib.a device.o kernel.o matrix.o img.o\nmake[1]: Leaving directory '/autograder/submission/helper_lib'\ngcc -g -Wall -o solution helper_lib/helper_lib.a main.c -I helper_lib -I/usr/local/cuda/include helper_lib/helper_lib.a -lm -L/usr/local/cuda/lib64 -lOpenCL\nRunning solution with time: 2000000\n==============Starting Work==============\nRunning on:\n\tPlatform: ARM Platform\n\tDevice: Mali-G710 r0p0\n\nCalls: 29\nElapsed: 2006841.402 us\nTotal FLOPs: 4.982e+11\nPerformance: 248.26 GFLOPS (FP32)\n===============End of Work===============\n"
}
DEBUG: Job succeeded. Formatting final JSON.
